
> pass
> node verify-pass.mjs verify-client-list-ui-wiring verify-client-profile-ui-wiring supabase-verify-client-profile verify-admin-final-wiring verify-shared-stylesheet-coverage verify-tailwind-color-scoping supabase-verify-portfolio verify-returns-display

VERIFICATION PASS — targeted, 8 suites; logs in .pass-logs\2026-09-16T01-14-21-275Z

==== gate: verify-fixture-symbols (always first, cannot be skipped) ====
(node:41148) [DEP0190] DeprecationWarning: Passing args to a child process with shell option true can lead to security vulnerabilities, as the arguments are not escaped, only concatenated.
(Use `node --trace-deprecation ...` to show where the warning was created)
Fixture symbols vs the real catalog (live products + source file)

Stopped services: [supabase_imgproxy_Marketswave supabase_pooler_Marketswave]
A new version of Supabase CLI is available: v2.117.0 (currently installed v2.116.0)
We recommend updating regularly for new features and bug fixes: https://supabase.com/docs/guides/cli/getting-started#updating-the-supabase-cli
  catalog: 328 live product tickers + 99 source-file symbols not (yet) live = 427
  scanned: 96 files, 207 statements on the four shared surfaces, 38 writes with a symbol position, 33 symbols resolved, 15 dynamic (unresolvable, cannot collide), 13 metadata-only cache updates (not a collision)

UNRESOLVED — a write whose symbol this scanner cannot read (not randomised: a property, a push()-built array, a loop variable). Not a failure; read each by hand, it is where the class hides from a symbol-level sweep:
  verify-round-robin-refresh.mjs:328  market_data_cache.delete  cleanup.cacheSymbols.filter((sym) => !owned.has(sym))
  verify-supabase-market-priced-products.js:156  market_data_cache.upsert  bad.ticker
  verify-supabase-market-priced-products.js:160  market_data_cache.delete  bad.ticker
  verify-supabase-watchlist-alerts.js:588  market_data_cache.delete  ['GM', 'AAPL', 'MSFT'].filter((sym) => !owned.has(sym))

WAIVED (deliberate, reported beside the code):
  verify-supabase-asset-logos.js:107  asset-logos storage.remove  SPY (PROD-0006 SPDR S&P 500 ETF Trust) — negative RLS test: a signed-in CLIENT session must be refused this delete; the next line proves the real object survived
  verify-supabase-market-data.js:52  market_data_cache.delete  SPY (PROD-0006 SPDR S&P 500 ETF Trust) — deliberate, recorded as row 209's cross-suite pollution and left in row 212: the base symbols' rows are deleted and recreated by the real fetch under test; the products keep their own unit_price, but the rows' stored logos are dropped until a backfill
  verify-supabase-market-data.js:52  market_data_cache.delete  QQQ (PROD-0007 Invesco QQQ Trust) — deliberate, recorded as row 209's cross-suite pollution and left in row 212: the base symbols' rows are deleted and recreated by the real fetch under test; the products keep their own unit_price, but the rows' stored logos are dropped until a backfill
  verify-supabase-market-data.js:52  market_data_cache.delete  DIA (PROD-0008 SPDR Dow Jones Industrial Average ETF Trust) — deliberate, recorded as row 209's cross-suite pollution and left in row 212: the base symbols' rows are deleted and recreated by the real fetch under test; the products keep their own unit_price, but the rows' stored logos are dropped until a backfill
  verify-supabase-market-data.js:52  market_data_cache.delete  BTC (PROD-0026 Bitcoin) — deliberate, recorded as row 209's cross-suite pollution and left in row 212: the base symbols' rows are deleted and recreated by the real fetch under test; the products keep their own unit_price, but the rows' stored logos are dropped until a backfill
  verify-supabase-market-data.js:52  market_data_cache.delete  ETH (PROD-0004 Ethereum) — deliberate, recorded as row 209's cross-suite pollution and left in row 212: the base symbols' rows are deleted and recreated by the real fetch under test; the products keep their own unit_price, but the rows' stored logos are dropped until a backfill
  verify-supabase-market-data.js:52  market_data_cache.delete  SOL (PROD-0027 Solana) — deliberate, recorded as row 209's cross-suite pollution and left in row 212: the base symbols' rows are deleted and recreated by the real fetch under test; the products keep their own unit_price, but the rows' stored logos are dropped until a backfill
  verify-supabase-market-priced-products.js:113  market_data_cache.update  ETH (PROD-0004 Ethereum) — deliberate, row 199's manipulate-and-restore pattern on PROD-0004: the real product's price is moved to prove approval re-reads it, and restored from ethBefore in the finally
  verify-supabase-market-priced-products.js:120  market_data_cache.update  ETH (PROD-0004 Ethereum) — deliberate, row 199's manipulate-and-restore pattern on PROD-0004: the real product's price is moved to prove approval re-reads it, and restored from ethBefore in the finally
  verify-supabase-market-priced-products.js:134  market_data_cache.update  ETH (PROD-0004 Ethereum) — deliberate, row 199's manipulate-and-restore pattern on PROD-0004: the real product's price is moved to prove approval re-reads it, and restored from ethBefore in the finally
  verify-supabase-market-priced-products.js:270  market_data_cache.update  ETH (PROD-0004 Ethereum) — the restore half of the row-199 pattern above

FIXTURE SYMBOLS: PASS (33 fixture symbols checked against 427, 11 waived)

==== verify-client-list-ui-wiring (1/8) ====
(node:41664) ExperimentalWarning: `--experimental-loader` may be removed in the future; instead use `register()`:
--import 'data:text/javascript,import { register } from "node:module"; import { pathToFileURL } from "node:url"; register("./lib/esm-loader-supabase-cdn.mjs", pathToFileURL("./"));'
(Use `node --trace-warnings ...` to show where the warning was created)
Stopped services: [supabase_imgproxy_Marketswave supabase_pooler_Marketswave]
A new version of Supabase CLI is available: v2.117.0 (currently installed v2.116.0)
We recommend updating regularly for new features and bug fixes: https://supabase.com/docs/guides/cli/getting-started#updating-the-supabase-cli
  PASS  a real admin session is established

=== PART 1: NAVIGATION (row 228) ===

  PASS  ★ the page calls initAdminSidebar('clients')
  PASS  the page mounts the shared sidebar container

=== PART 2: ★ THE REGRESSION — a client in BOTH places renders SUPABASE ===

  PASS  GUARD: Gary genuinely holds a non-zero portfolio — otherwise this test proves nothing
  PASS  GUARD: the page rendered
  PASS  without a local mirror, Gary renders his real value
  PASS  GUARD: the page rendered with the mirror in place
  PASS  ★★ MIRRORED LOCALLY AND REAL IN SUPABASE → the SUPABASE value renders, not $0
  PASS  ★★ ...and the row is not duplicated — one row per client, not one per source
  PASS  ★ his return is shown beside the value, cross-checked against get-returns-summary
  PASS  the row navigates to his profile rather than expanding

=== PART 3: every client agrees with the authoritative source ===

  PASS  GUARD: at least two funded clients were compared
  PASS  ★ every rendered value equals get-total-portfolio-value for that client

=== PART 4: three states that used to be one ===

  PASS  ★ a client who has never been funded says "not yet funded", NOT $0
  PASS  ★ ...and their row shows no fabricated $0 anywhere
  PASS  a funded client renders a real figure
  PASS  the three value states are distinguishable in the DOM, not merged

=== PART 5: the strip ===

  PASS  four figures
  PASS  ...clients, AUM, awaiting approval, unallocated
  PASS  ★ the AUM figure equals the endpoint's own sum, not a client-side re-add
  PASS  the clients figure counts every rendered row
  PASS  the approval figure equals an independent pending total

=== PART 6: filters, search, sort ===

  PASS  the All pill counts every client
  PASS  ★ "Has pending requests" narrows to exactly the clients with one
  PASS  ★ search by name narrows the list
  PASS  ★ search reaches the EMAIL, not only the name
  PASS  a search with no hits shows a real empty state, not a blank panel
  PASS  ★ sorting by name genuinely reorders the rows

=== PART 7: the three removals ===

  PASS  ★ no raw UUID is rendered as an identifier
  PASS  ★ no "Supabase" badge — a client is a client
  PASS  ★ no expander: every row is a link, and no expand-row markup exists
  PASS  ★ "View as this Client" is gone from the list
  PASS  ★ Reset Password / Reset 2FA controls are gone from the list (they moved to the profile)

======================================================================
33 passed, 0 failed
CLIENT LIST UI: PASS

==== verify-client-profile-ui-wiring (2/8) ====
(node:22932) ExperimentalWarning: `--experimental-loader` may be removed in the future; instead use `register()`:
--import 'data:text/javascript,import { register } from "node:module"; import { pathToFileURL } from "node:url"; register("./lib/esm-loader-supabase-cdn.mjs", pathToFileURL("./"));'
(Use `node --trace-warnings ...` to show where the warning was created)
Stopped services: [supabase_imgproxy_Marketswave supabase_pooler_Marketswave]
A new version of Supabase CLI is available: v2.117.0 (currently installed v2.116.0)
We recommend updating regularly for new features and bug fixes: https://supabase.com/docs/guides/cli/getting-started#updating-the-supabase-cli
  PASS  supabase-data.js loaded and defined window.MarketswaveData
  PASS  a real admin session is established

=== PART 1: NAVIGATION IS PRESENT (row 228) ===

  PASS  ★ the page calls initAdminSidebar('clients') — the gate shipped without this exact line
  PASS  the page mounts the shared sidebar container
  PASS  the page loads admin-sidebar.js
  PASS  the page carries the INTERNAL TOOL banner every admin page carries

=== PART 2: a REAL client with four years of history ===

  PASS  GUARD: the page actually rendered — otherwise every assertion below is vacuous
  PASS  the identity header names the real client
  PASS  the real email and account type are on screen
  PASS  the breadcrumb names the client and links back to the list
  PASS  Message links into the inbox for THIS client, and View as client exists
  PASS  the money strip is five figures
  PASS  ...labelled portfolio value, total return, unallocated, savings pockets, capital deployed
  PASS  ★ the portfolio value on screen is the endpoint's figure, not a recomputation
  PASS  ★ the return cell states the unrealised/realised split
  PASS  the deployed cell states it against what was deposited
  PASS  all eight tabs render, Overview first and active
  PASS  ★ the Requests tab count equals the real pending count
  PASS  ★ Needs your attention lists his real pending request with a Review action into the gate
  PASS  ★ every real holding renders
  PASS  ★ each holding carries a real asset mark (logo or monogram), not a bare name
  PASS  ★ each holding shows a per-position gain with a direction tone
  PASS  recent activity renders real transactions
  PASS  ★ assigned crypto addresses render with their real address string
  PASS  ★ an UNASSIGNED route is shown as a real state with an Assign action, not omitted

=== PART 3: what has no data source is stated, never faked ===

  PASS  ★ onboarding renders the THREE fields client_profiles genuinely holds
  PASS  ★ ...and says plainly that DOB, nationality, tax residence, risk profile, source of funds, experience and horizon are NOT readable
  PASS  ★ NO fabricated onboarding value appears — no risk profile, no nationality, no tax residence as data
  PASS  ★ account health shows the REAL advisory fee RATE
  PASS  ★ ...and states that nothing has been billed and no statement issued
  PASS  ★ no "$284 charged"-style figure is invented anywhere in the panel
  PASS  ★ NO "KYC verified" badge is rendered — clients has no KYC column
  PASS  the real application status IS rendered as what it is
  PASS  no "next statement" date is invented

=== PART 4: identity documents are request-and-log ===

  PASS  ★ the passport is marked Restricted and offers REQUEST, never Open
  PASS  ★ the access-logging warning is on screen
  PASS  ★ a document with NO stored bytes says so rather than offering a View that opens nothing
  PASS  conversations render with a channel chip
  PASS  ★ the watchlist renders his real symbols — a swallowed read would show none here

=== PART 5: a private note, written through the real page ===

  PASS  the notes panel is labelled "Visible to you only"
  PASS  ★ the disclosability line is present, verbatim
  PASS  notes are dated, and carry NO author signature — attribution is captured, not displayed
  PASS  the add-note form opens
  PASS  ★ a real note is written and the panel re-renders with it
  PASS  ★ ...and it exists in Postgres attributed to the REAL signed-in PM

=== PART 6: a client with NOTHING renders every empty state ===

  PASS  GUARD: the empty client's page rendered at all
  PASS  the identity header still names them and shows their status
  PASS  the money strip still renders five cells, at zero
  PASS  ★ no holdings → a real sentence, not a blank panel
  PASS  ★ nothing pending → says so, and offers no Review action
  PASS  ★ no documents → a real sentence
  PASS  ★ no conversations → a real sentence
  PASS  ★ no watchlist → a real sentence
  PASS  ★ no notes → a real sentence, and the add control is still offered
  PASS  ★ no transactions → a real sentence
  PASS  ★ every deposit route renders as UNASSIGNED with an Assign action
  PASS  the onboarding absence note is shown for them too
  PASS  no panel rendered an error card instead of an empty state

======================================================================
58 passed, 0 failed
CLIENT PROFILE UI: PASS

==== supabase-verify-client-profile (3/8) ====
