
> pass
> node verify-pass.mjs verify-client-profile-ui-wiring verify-client-profile-visual supabase-verify-client-profile verify-admin-final-wiring verify-inbox-tickets-ui-wiring verify-shared-stylesheet-coverage verify-tailwind-color-scoping verify-control-patterns verify-label-association

VERIFICATION PASS — targeted, 9 suites; logs in .pass-logs\2026-09-15T23-13-22-007Z

==== gate: verify-fixture-symbols (always first, cannot be skipped) ====
(node:41332) [DEP0190] DeprecationWarning: Passing args to a child process with shell option true can lead to security vulnerabilities, as the arguments are not escaped, only concatenated.
(Use `node --trace-deprecation ...` to show where the warning was created)
Fixture symbols vs the real catalog (live products + source file)

Stopped services: [supabase_imgproxy_Marketswave supabase_pooler_Marketswave]
A new version of Supabase CLI is available: v2.117.0 (currently installed v2.116.0)
We recommend updating regularly for new features and bug fixes: https://supabase.com/docs/guides/cli/getting-started#updating-the-supabase-cli
  catalog: 328 live product tickers + 99 source-file symbols not (yet) live = 427
  scanned: 95 files, 207 statements on the four shared surfaces, 38 writes with a symbol position, 33 symbols resolved, 15 dynamic (unresolvable, cannot collide), 13 metadata-only cache updates (not a collision)

UNRESOLVED — a write whose symbol this scanner cannot read (not randomised: a property, a push()-built array, a loop variable). Not a failure; read each by hand, it is where the class hides from a symbol-level sweep:
  verify-round-robin-refresh.mjs:328  market_data_cache.delete  cleanup.cacheSymbols.filter((sym) => !owned.has(sym))
  verify-supabase-market-priced-products.js:156  market_data_cache.upsert  bad.ticker
  verify-supabase-market-priced-products.js:160  market_data_cache.delete  bad.ticker
  verify-supabase-watchlist-alerts.js:588  market_data_cache.delete  ['GM', 'AAPL', 'MSFT'].filter((sym) => !owned.has(sym))

WAIVED (deliberate, reported beside the code):
  verify-supabase-asset-logos.js:107  asset-logos storage.remove  SPY (PROD-0006 SPDR S&P 500 ETF Trust) — negative RLS test: a signed-in CLIENT session must be refused this delete; the next line proves the real object survived
  verify-supabase-market-data.js:52  market_data_cache.delete  SPY (PROD-0006 SPDR S&P 500 ETF Trust) — deliberate, recorded as row 209's cross-suite pollution and left in row 212: the base symbols' rows are deleted and recreated by the real fetch under test; the products keep their own unit_price, but the rows' stored logos are dropped until a backfill
  verify-supabase-market-data.js:52  market_data_cache.delete  QQQ (PROD-0007 Invesco QQQ Trust) — deliberate, recorded as row 209's cross-suite pollution and left in row 212: the base symbols' rows are deleted and recreated by the real fetch under test; the products keep their own unit_price, but the rows' stored logos are dropped until a backfill
  verify-supabase-market-data.js:52  market_data_cache.delete  DIA (PROD-0008 SPDR Dow Jones Industrial Average ETF Trust) — deliberate, recorded as row 209's cross-suite pollution and left in row 212: the base symbols' rows are deleted and recreated by the real fetch under test; the products keep their own unit_price, but the rows' stored logos are dropped until a backfill
  verify-supabase-market-data.js:52  market_data_cache.delete  BTC (PROD-0026 Bitcoin) — deliberate, recorded as row 209's cross-suite pollution and left in row 212: the base symbols' rows are deleted and recreated by the real fetch under test; the products keep their own unit_price, but the rows' stored logos are dropped until a backfill
  verify-supabase-market-data.js:52  market_data_cache.delete  ETH (PROD-0004 Ethereum) — deliberate, recorded as row 209's cross-suite pollution and left in row 212: the base symbols' rows are deleted and recreated by the real fetch under test; the products keep their own unit_price, but the rows' stored logos are dropped until a backfill
  verify-supabase-market-data.js:52  market_data_cache.delete  SOL (PROD-0027 Solana) — deliberate, recorded as row 209's cross-suite pollution and left in row 212: the base symbols' rows are deleted and recreated by the real fetch under test; the products keep their own unit_price, but the rows' stored logos are dropped until a backfill
  verify-supabase-market-priced-products.js:113  market_data_cache.update  ETH (PROD-0004 Ethereum) — deliberate, row 199's manipulate-and-restore pattern on PROD-0004: the real product's price is moved to prove approval re-reads it, and restored from ethBefore in the finally
  verify-supabase-market-priced-products.js:120  market_data_cache.update  ETH (PROD-0004 Ethereum) — deliberate, row 199's manipulate-and-restore pattern on PROD-0004: the real product's price is moved to prove approval re-reads it, and restored from ethBefore in the finally
  verify-supabase-market-priced-products.js:134  market_data_cache.update  ETH (PROD-0004 Ethereum) — deliberate, row 199's manipulate-and-restore pattern on PROD-0004: the real product's price is moved to prove approval re-reads it, and restored from ethBefore in the finally
  verify-supabase-market-priced-products.js:270  market_data_cache.update  ETH (PROD-0004 Ethereum) — the restore half of the row-199 pattern above

FIXTURE SYMBOLS: PASS (33 fixture symbols checked against 427, 11 waived)

==== verify-client-profile-ui-wiring (1/9) ====
(node:29404) ExperimentalWarning: `--experimental-loader` may be removed in the future; instead use `register()`:
--import 'data:text/javascript,import { register } from "node:module"; import { pathToFileURL } from "node:url"; register("./lib/esm-loader-supabase-cdn.mjs", pathToFileURL("./"));'
(Use `node --trace-warnings ...` to show where the warning was created)
Stopped services: [supabase_imgproxy_Marketswave supabase_pooler_Marketswave]
A new version of Supabase CLI is available: v2.117.0 (currently installed v2.116.0)
We recommend updating regularly for new features and bug fixes: https://supabase.com/docs/guides/cli/getting-started#updating-the-supabase-cli
  PASS  supabase-data.js loaded and defined window.MarketswaveData
  PASS  a real admin session is established

=== PART 1: NAVIGATION IS PRESENT (row 228) ===

  PASS  ★ the page calls initAdminSidebar('clients') — the gate shipped without this exact line
  PASS  the page mounts the shared sidebar container
  PASS  the page loads admin-sidebar.js
  PASS  the page carries the INTERNAL TOOL banner every admin page carries

=== PART 2: a REAL client with four years of history ===

  PASS  GUARD: the page actually rendered — otherwise every assertion below is vacuous
  PASS  the identity header names the real client
  PASS  the real email and account type are on screen
  PASS  the breadcrumb names the client and links back to the list
  PASS  Message links into the inbox for THIS client, and View as client exists
  PASS  the money strip is five figures
  PASS  ...labelled portfolio value, total return, unallocated, savings pockets, capital deployed
  PASS  ★ the portfolio value on screen is the endpoint's figure, not a recomputation
  PASS  ★ the return cell states the unrealised/realised split
  PASS  the deployed cell states it against what was deposited
  PASS  all eight tabs render, Overview first and active
  PASS  ★ the Requests tab count equals the real pending count
  PASS  ★ Needs your attention lists his real pending request with a Review action into the gate
  PASS  ★ every real holding renders
  PASS  ★ each holding carries a real asset mark (logo or monogram), not a bare name
  PASS  ★ each holding shows a per-position gain with a direction tone
  PASS  recent activity renders real transactions
  PASS  ★ assigned crypto addresses render with their real address string
  PASS  ★ an UNASSIGNED route is shown as a real state with an Assign action, not omitted

=== PART 3: what has no data source is stated, never faked ===

  PASS  ★ onboarding renders the THREE fields client_profiles genuinely holds
  PASS  ★ ...and says plainly that DOB, nationality, tax residence, risk profile, source of funds, experience and horizon are NOT readable
  PASS  ★ NO fabricated onboarding value appears — no risk profile, no nationality, no tax residence as data
  PASS  ★ account health shows the REAL advisory fee RATE
  PASS  ★ ...and states that nothing has been billed and no statement issued
  PASS  ★ no "$284 charged"-style figure is invented anywhere in the panel
  PASS  ★ NO "KYC verified" badge is rendered — clients has no KYC column
  PASS  the real application status IS rendered as what it is
  PASS  no "next statement" date is invented

=== PART 4: identity documents are request-and-log ===

  PASS  ★ the passport is marked Restricted and offers REQUEST, never Open
  PASS  ★ the access-logging warning is on screen
  PASS  ★ a document with NO stored bytes says so rather than offering a View that opens nothing
  PASS  conversations render with a channel chip
  PASS  ★ the watchlist renders his real symbols — a swallowed read would show none here

=== PART 5: a private note, written through the real page ===

  PASS  the notes panel is labelled "Visible to you only"
  PASS  ★ the disclosability line is present, verbatim
  PASS  notes are dated, and carry NO author signature — attribution is captured, not displayed
  PASS  the add-note form opens
  PASS  ★ a real note is written and the panel re-renders with it
  PASS  ★ ...and it exists in Postgres attributed to the REAL signed-in PM

=== PART 6: a client with NOTHING renders every empty state ===

  PASS  GUARD: the empty client's page rendered at all
  PASS  the identity header still names them and shows their status
  PASS  the money strip still renders five cells, at zero
  PASS  ★ no holdings → a real sentence, not a blank panel
  PASS  ★ nothing pending → says so, and offers no Review action
  PASS  ★ no documents → a real sentence
  PASS  ★ no conversations → a real sentence
  PASS  ★ no watchlist → a real sentence
  PASS  ★ no notes → a real sentence, and the add control is still offered
  PASS  ★ no transactions → a real sentence
  PASS  ★ every deposit route renders as UNASSIGNED with an Assign action
  PASS  the onboarding absence note is shown for them too
  PASS  no panel rendered an error card instead of an empty state

======================================================================
58 passed, 0 failed
CLIENT PROFILE UI: PASS

==== verify-client-profile-visual (2/9) ====
Stopped services: [supabase_imgproxy_Marketswave supabase_pooler_Marketswave]
A new version of Supabase CLI is available: v2.117.0 (currently installed v2.116.0)
We recommend updating regularly for new features and bug fixes: https://supabase.com/docs/guides/cli/getting-started#updating-the-supabase-cli

--- Contrast: real composited pixels, sheen ON ---

  PASS  the profile: measured real elements (not an empty run)
  PASS  the profile: every measured surface clears 4.5:1 with the sheen composited

--- Sheen audit ---

  PASS  the sheen audit ran against this page and passed with the sheen composited

--- Fonts ---

  PASS  no font falls back
  PASS  no monospace family anywhere — the scheme is Inter (row 192)

--- Desktop 1440, then a REAL phone at 390 / 375, then a real 320px iframe ---

  PASS  ★ 1440px: THE PROFILE MOUNTS THE SHARED ADMIN NAV — ten items, a real rail with width
  PASS  ★ 1440px: "Clients" is the active item — a client profile is a detail view of that list
  PASS  ★ 1440px: Log out is reachable from this page
  PASS  1440px: the rail is the vocabulary's #0F172A
  PASS  1440px: the viewport is genuinely 1440 (integrity guard)
  PASS  1440px: no horizontal overflow
  PASS  GUARD: real content is on screen — otherwise every assertion below is vacuous
  PASS  1440px: the money strip is five cells across
  PASS  1440px: the body is two columns
  PASS  1440px: every holding carries a real asset mark
  PASS  ★ 1440px: both honest-absence notes are on screen (onboarding, advisory fee)
  PASS  ★ 1440px: the access-logging warning is on screen
  PASS  ★ 390px: a REAL PHONE PROFILE, not a narrow desktop window — DPR 3, coarse pointer, no hover, real touch points
  PASS  390px: the viewport is genuinely 390 (integrity guard)
  PASS  390px: nothing scrolls horizontally
  PASS  ★ 390px: THE CLIENT NAME SURVIVES — read from the DOM, not assumed
  PASS  ★ 390px: the identity facts survive — email and account type are still on screen
  PASS  ★ 390px: all five money figures survive, none hidden
  PASS  ★ 390px: every holding still shows its name, mark and gain
  PASS  390px: the body is one column and the strip has collapsed
  PASS  ★ 390px: both absence notes and the access-log warning are still shown, not dropped
  PASS  ★ 375px: a REAL PHONE PROFILE, not a narrow desktop window — DPR 3, coarse pointer, no hover, real touch points
  PASS  375px: the viewport is genuinely 375 (integrity guard)
  PASS  375px: nothing scrolls horizontally
  PASS  ★ 375px: THE CLIENT NAME SURVIVES — read from the DOM, not assumed
  PASS  ★ 375px: the identity facts survive — email and account type are still on screen
  PASS  ★ 375px: all five money figures survive, none hidden
  PASS  ★ 375px: every holding still shows its name, mark and gain
  PASS  375px: the body is one column and the strip has collapsed
  PASS  ★ 375px: both absence notes and the access-log warning are still shown, not dropped
  PASS  320px (real iframe): the viewport is genuinely 320 (integrity guard)
  PASS  ★ 320px: nothing scrolls horizontally
  PASS  ★ 320px: the client name survives
  PASS  ★ 320px: all five money figures survive
  PASS  ★ 320px: holdings and the absence notes are still rendered

======================================================================
40 passed, 0 failed
CLIENT PROFILE VISUAL: PASS

==== supabase-verify-client-profile (3/9) ====
Stopped services: [supabase_imgproxy_Marketswave supabase_pooler_Marketswave]
A new version of Supabase CLI is available: v2.117.0 (currently installed v2.116.0)
We recommend updating regularly for new features and bug fixes: https://supabase.com/docs/guides/cli/getting-started#updating-the-supabase-cli

=== PART 1: authorization on get-client-profile ===

  PASS  unauthenticated call is refused (401)
  PASS  ★ a real CLIENT cannot read this page at all (403) — the profile is a PM surface
  PASS  ★ ...not even for their OWN id — being the subject does not grant PM access
  PASS  a missing clientId is a 400, not a crash
  PASS  an unknown client is a clean 404
  PASS  an admin gets the profile (200)
  PASS  GUARD: the payload is genuinely this client — otherwise everything below is vacuous

=== PART 2: private notes are author-only, enforced by RLS ===

  PASS  PM A can write a note about this client
  PASS  PM B can write their own note about the same client
  PASS  ★ PM A reads exactly ONE note — their own — and never PM B's
  PASS  ★ PM B reads exactly ONE note — their own — and never PM A's
  PASS  ★ the CLIENT the notes are about reads NOTHING — not even notes written about them
  PASS  ★ a PM cannot forge a note attributed to a COLLEAGUE — the insert policy pins author_id
  PASS  a client cannot write a PM note
  PASS  a note cannot be edited — there is deliberately no update policy

=== PART 3: the payload carries each PM their OWN notes ===

  PASS  ★ get-client-profile returns PM A exactly their own note
  PASS  ★ ...and returns PM B exactly theirs, from the same client, in the same call shape
  PASS  the note count each PM sees is their own count, not a shared total

=== PART 4: the empty client renders as empty, not as broken ===

  PASS  a client with nothing has no holdings-derived money
  PASS  no pending requests
  PASS  no documents, conversations or watchlist
  PASS  every deposit route shows as UNASSIGNED rather than being omitted
  PASS  presence is honestly false, not absent

=== PART 5: the three absent sources are reported as absent, never faked ===

  PASS  ★ onboarding is flagged unavailable — the seven signup fields live in browser storage
  PASS  ★ no advisory-fee-charged figure is returned at all
  PASS  the advisory fee RATE is real and IS returned
  PASS  ★ no KYC field is invented — only the real application status is carried
  PASS  statements are flagged unavailable — nothing in this project generates one

=== PART 6: a REAL client with real history (Gary) ===

  PASS  ★ Gary's documents match an independent count from Postgres
  PASS  ★ Gary's watchlist matches an independent count — a swallowed read would show 0 here
  PASS  Gary's conversations match an independent count
  PASS  ★ Gary's assigned addresses match an independent count, and each carries a real address string
  PASS  an identity document is flagged restricted
  PASS  a document with no stored bytes is flagged hasFile:false rather than offered for opening
  PASS  ★ Gary's three real profile fields are present — the ones client_profiles genuinely holds
  PASS  productMeta covers his held products, so the page can draw a real asset mark

======================================================================
36 passed, 0 failed
CLIENT PROFILE BACKEND: PASS

==== verify-admin-final-wiring (4/9) ====
(node:46732) ExperimentalWarning: `--experimental-loader` may be removed in the future; instead use `register()`:
--import 'data:text/javascript,import { register } from "node:module"; import { pathToFileURL } from "node:url"; register("./lib/esm-loader-supabase-cdn.mjs", pathToFileURL("./"));'
(Use `node --trace-warnings ...` to show where the warning was created)
Admin UI Wiring — Final Stage verification, substituting for an unavailable browser tool

Stopped services: [supabase_imgproxy_Marketswave supabase_pooler_Marketswave]
A new version of Supabase CLI is available: v2.117.0 (currently installed v2.116.0)
We recommend updating regularly for new features and bug fixes: https://supabase.com/docs/guides/cli/getting-started#updating-the-supabase-cli
API URL: http://127.0.0.1:54321

  PASS  supabase-data.js loaded for real and defined window.MarketswaveData

=== 2. admin-advisory-fee.html ===

  PASS  the current rate genuinely renders from the real advisory_fee_rate table (or the honest "not yet set" fallback)
  PASS  the Save button shows a genuine busy state immediately
  PASS  the toast confirms the real update
  PASS  the display updates to the real new rate immediately
  PASS  the real advisory_fee_rate singleton row genuinely holds 2.75 — closes the "table exists, nothing writes to it" gap

2a. A real rejection (invalid rate) surfaces the real server validation message
  PASS  the real server-side validation rejection surfaces verbatim
  PASS  the real rate is UNCHANGED by the rejected attempt (still 2.75, not -5)
  PASS  the real advisory fee rate saved in step 2 reads back 2.75

=== 4. admin-clients.html ===

  PASS  real Supabase clients render in Client List (clientA)
  PASS  real Supabase clients render in Client List (clientB)
  PASS  a "Supabase" badge marks the real cross-client rows

4a. Real cross-client Total Portfolio Value (get-total-portfolio-value)
  PASS  the real Total Portfolio Value cell shows the exact real server-computed figure

4b. Real per-client pending Approval Gate count, lazily fetched on expand
  PASS  the real lazily-fetched pending count matches the real, independently-queried sum across all 7 tables

4c. "View as this Client" is correctly ABSENT for a real Supabase client
  PASS  no "View as this Client" button exists for a real Supabase-sourced client (no real identity-switch mechanism exists for it)
  PASS  an explanatory note is shown in its place instead

16/16 assertions passed.

VERIFY: PASS

==== verify-inbox-tickets-ui-wiring (5/9) ====
(node:18112) ExperimentalWarning: `--experimental-loader` may be removed in the future; instead use `register()`:
--import 'data:text/javascript,import { register } from "node:module"; import { pathToFileURL } from "node:url"; register("./lib/esm-loader-supabase-cdn.mjs", pathToFileURL("./"));'
(Use `node --trace-warnings ...` to show where the warning was created)
PM tool revamp, part 1 — the rebuilt inbox, driven as a real DOM

Stopped services: [supabase_imgproxy_Marketswave supabase_pooler_Marketswave]
A new version of Supabase CLI is available: v2.117.0 (currently installed v2.116.0)
We recommend updating regularly for new features and bug fixes: https://supabase.com/docs/guides/cli/getting-started#updating-the-supabase-cli
--- The real admin-inbox.html, in a real DOM, with a real admin session ---

  PASS  the real admin session signs in
  PASS  ★ the inbox reaches a LIVE Realtime state

--- Deep link, ticket header, meta strip, opening message, attachment ---

  PASS  ?c=<ticket> opens that ticket AND switches the rail to Tickets
  PASS  the header carries the case id, and status is a DROPDOWN (no modal)
  PASS  the resolve/archive buttons are hidden on a ticket — the dropdown owns status
  PASS  the meta strip carries category, opened, assigned, message count
  PASS  the opening description renders as its own message with the category as a header
  PASS  ...with the evidence attached as a real file (name + size)
  PASS  a status change renders inline as a quiet system line
  PASS  the PM reply is a chat bubble on the right
  PASS  a day separator precedes the messages
  FAIL  a client conversation offers "Open profile" handing off with ?client=<id>
  PASS  presence: a live session shows Online in the header and the dot on the avatar
  PASS  the composer defaults to chat because the client is online, and says so

--- Status through the header dropdown ---

  PASS  ★ choosing Resolved inserts a second system line in the thread, live
  PASS  ...and the real row is resolved with PM attribution
  PASS  the ticket row's status pill follows

--- The rail, grouping, filters, search ---

  PASS  Tickets view shows the two seeded tickets, with case ids and status pills, and none of the seeded non-tickets
  PASS  ...grouped: the unread callback ticket under "Needs a reply", the resolved one under "Earlier"
  PASS  the rail counts match an independent DB read of conversations needing a reply per view (tickets 1, chats 1, email 0, all 2)
  PASS  ...and this run's own unread ticket and unread chat are among them
  PASS  a ticket category filter narrows to that category
  PASS  a ticket status filter narrows to that status
  PASS  search by case id
  PASS  search reaches message bodies
  PASS  Chats view: the client's general thread and the anonymous visitor, no seeded tickets, no seeded email
  PASS  sender types: Client and Anonymous tags
  PASS  presence: the online client's row carries the dot
  PASS  "Waiting on me" keeps only the unread general thread
  PASS  "Visitors" keeps only the anonymous thread
  PASS  Email view: of the seeded threads, the unknown-sender one only, tagged Unknown sender
  PASS  email renders as cards with a subject line
  PASS  ...and the outbound card shows delivery + open state
  PASS  an inbound email shows the real sender address
  PASS  the composer defaults to Email for an email thread with nobody online, and carries the subject with Re:

--- A conversation moves from Chats to Email as its channel changes ---

  PASS  before: the general thread is in Chats
  PASS  ★ after a real inbound EMAIL arrives via Realtime, it leaves Chats…
  PASS  …and appears in Email
  PASS  All holds every non-archived seeded thread (5)

--- The composer: a real chat reply, an explicit email refused with the real message ---

  PASS  ★ a chat reply sent through the composer arrives back in the thread via Realtime
  PASS  ...and the input cleared
  PASS  Enter sends, Shift+Enter does not: the composer is a textarea with that binding
  PASS  switching the composer to Email shows the thread subject line
  PASS  an email reply to a malformed address surfaces the REAL server message, not a generic one

--- Typing indicator over a real Realtime broadcast ---

GoTrueClient@sb-127-auth-token:3 (2.112.4) 2026-09-15T23:20:11.035Z Multiple GoTrueClient instances detected in the same browser context. It is not an error, but this should be avoided as it may produce undefined behavior when used concurrently under the same storage key.
  PASS  ★ a "typing" broadcast from the contact shows the indicator in the open thread
  PASS  ...naming who is typing

--- Mobile: list/thread stacking class ---

  PASS  opening a thread marks the shell for the stacked layout
  PASS  the back control returns to the list
  PASS  Archive holds none of the seeded threads (none was archived)

(cleanup)

48/49 assertions passed.

VERIFY: FAIL

==== verify-shared-stylesheet-coverage (6/9) ====
Shared component vocabulary: 578 class names across 16 stylesheets (of 19 stylesheets in the project)

  PASS  every page that uses a shared component also links its stylesheet (36 pages, 30 scripts inspected)
  PASS  the check can actually fail — a synthetic unlinked page is detected (mw-upload -> control-patterns.css)

2 passed, 0 failed
SHARED STYLESHEET COVERAGE: PASS

==== verify-tailwind-color-scoping (7/9) ====
=== Tailwind Color Scoping Guard: PASS ===
No admin file references a client-only custom color (navy/cream), and every inline tailwind.config uses theme.extend rather than a destructive theme.colors override.

==== verify-control-patterns (8/9) ====
Button and Control Modernisation — measured control pass

Stopped services: [supabase_imgproxy_Marketswave supabase_pooler_Marketswave]
A new version of Supabase CLI is available: v2.117.0 (currently installed v2.116.0)
We recommend updating regularly for new features and bug fixes: https://supabase.com/docs/guides/cli/getting-started#updating-the-supabase-cli
PART 1 — tier geometry at desktop (the actual point of the sweep)

  PASS  client: every Tier A control measures 54px / 12px radius / weight 600 (23 measured)
  PASS  client: every Tier B control measures 54px / 12px radius (20 measured)
  PASS  client: every Tier C control measures 40px at desktop (28 measured)
  PASS  client: every form control took the .mw-field box (80 measured)
  PASS  client: the sweep genuinely covers all three tiers, not one page

PART 2 — admin: same shape, its own locked palette

  PASS  admin: Tier A/C geometry matches the client family exactly (36 measured)
  PASS  admin: NO control paints the client tool's navy — locked palette holds
  PASS  admin: form controls took the box too (49 measured)

PART 3 — row 171's 44x44 floor must survive (the real regression risk)

  PASS  every page actually rendered at 390px and 375px (a blank page cannot pass vacuously)
  PASS  0 controls under 44x44 across all 21 pages at 390px and 375px
  PASS  no horizontal overflow introduced at 390px or 375px (Tier A min-width released below 480)
  PASS  320px (real iframe): viewport is genuinely 320, not clamped
  PASS  320px: controls present and none under 44px tall
  PASS  320px: no horizontal overflow

PART 4 — the states, measured rather than assumed

  PASS  Tier A actually paints a gradient (not a flat fill)
  PASS  the light sweep pseudo-element genuinely exists and has width
  PASS  Tier A clips the sweep (overflow:hidden present)
  PASS  Tier A carries a real elevation shadow
  PASS  Tier C suppresses the sweep (::before content none)
  PASS  every Tier A gradient stop clears 4.5:1 against its own white label (8 stops)
  PASS  floating label clears 4.5:1 at rest (4.77:1)
  PASS  floating label clears 4.5:1 while FOCUSED, when its colour AND the ground both change (11.98:1, label rgb 27,58,75 on 255,255,255, :focus matched=true)
  PASS  the focused reading is genuinely a DIFFERENT colour from rest, so the pair is not measuring one state twice

PART 5 — every control still WORKS (real clicks, real state changes)

  PASS  category tabs: the JS class-toggle still fires and swaps the active pill
  PASS  category tabs: the previously-active tab genuinely deactivated
  PASS  category tabs: geometry class survives the JS rewrite
  PASS  documents filter bar: the select is a real .mw-field with a custom chevron
  PASS  documents filter bar: Apply/Reset still clickable and sized as one row
  PASS  HYS: New Pocket modal still opens from its converted trigger
  PASS  HYS: term-mode tabs still toggle after conversion
  PASS  file input: the component face is a real tap target at the minimum size
  PASS  file input: still a REAL native <input type=file>, focusable, not replaced by a proxy
  PASS  date input: box converged, still a real native date control

PART 6 — what was deliberately NOT touched is provably untouched

  PASS  Risk Meter segmented control (locked palette) untouched
  PASS  Deploy Capital selection cards untouched (choice surfaces, not buttons)
  PASS  press-and-hold Remove (row 166) left alone — its progress overlay still has its containing block

PART 7 — public site: radius converged, hero sweep added

  PASS  public .btn radius converged to 12px
  PASS  hero primary now carries the light sweep
  PASS  hero primary clips it and its label is still visible above it
  PASS  contact form controls converged to 12px radius
  PASS  contact custom select still opens after the radius change

======================================================================
41 passed, 0 failed
CONTROL PATTERNS: PASS

==== verify-label-association (9/9) ====
Label association — computed accessible names from the real AX tree

Stopped services: [supabase_imgproxy_Marketswave supabase_pooler_Marketswave]
A new version of Supabase CLI is available: v2.117.0 (currently installed v2.116.0)
We recommend updating regularly for new features and bug fixes: https://supabase.com/docs/guides/cli/getting-started#updating-the-supabase-cli

244 form controls inspected across 22 pages

  PASS  every page rendered
  PASS  every form control has a real accessible name (244 inspected)
  PASS  no control is named ONLY by its placeholder

======================================================================
3 passed, 0 failed
LABEL ASSOCIATION: PASS

==== summary ====
  gate                                            0.2 min  PASS
  verify-client-profile-ui-wiring                 0.4 min  PASS
  verify-client-profile-visual                    5.2 min  PASS
  supabase-verify-client-profile                  0.4 min  PASS
  verify-admin-final-wiring                       0.3 min  PASS
  verify-inbox-tickets-ui-wiring                  0.4 min  FAIL (exit 1)
  verify-shared-stylesheet-coverage               0.0 min  PASS
  verify-tailwind-color-scoping                   0.0 min  PASS
  verify-control-patterns                         5.5 min  PASS
  verify-label-association                        2.2 min  PASS
  total                                          14.7 min

VERIFICATION PASS: FAIL (8/9 suites exit 0; logs in .pass-logs\2026-09-15T23-13-22-007Z)
